// Jest Snapshot v1, https://goo.gl/fbAQLP

exports[`SplitText-component renders correctly with foo children-prop 1`] = `
<div
  aria-label="foo"
  className="c-split-text "
  style={
    Object {
      "display": "inline-flex",
      "flexWrap": "wrap",
    }
  }
>
  <span
    aria-hidden={true}
    className="word "
    data-word="foo"
    style={
      Object {
        "display": "inline-block",
      }
    }
  >
    <span
      aria-hidden={true}
      className="char "
      key="0"
    >
      f
    </span>
    <span
      aria-hidden={true}
      className="char "
      key="1"
    >
      o
    </span>
    <span
      aria-hidden={true}
      className="char "
      key="2"
    >
      o
    </span>
  </span>
</div>
`;

exports[`SplitText-component renders with no props 1`] = `
<ForwardRef
  charClassName=""
  charRefs={
    Object {
      "current": Array [],
    }
  }
  className=""
  spaceClassName=""
  spaceHTML="&nbsp;"
  type="div"
  wordClassName=""
  wordRefs={
    Object {
      "current": Array [],
    }
  }
>
  <div
    aria-label=""
    className="c-split-text "
    style={
      Object {
        "display": "inline-flex",
        "flexWrap": "wrap",
      }
    }
  />
</ForwardRef>
`;
